[1;33mThank you for using SmartMoneyConcepts! ⭐ Please show your support by giving a star on the GitHub repository: [4;34mhttps://github.com/joshyattridge/smart-money-concepts[0m
Backtesting 61521 bars: 2016-01-01 13:00:00+00:00 -> 2026-05-31 23:00:00+00:00  [db=bt_exp011_xau.db]
CONFIG: swing_length=5 target=next_swing
COST: spread(full,at-entry)=2xhalf + slippage=25% -> model charges 1.25x spread
Processing 61400 bars (warmup=120, bar=60min, ctx=1h)...Processing 61400 bars: 8% (4880/61400)Processing 61400 bars: 16% (9880/61400)Processing 61400 bars: 24% (14880/61400)Processing 61400 bars: 32% (19880/61400)Processing 61400 bars: 41% (24880/61400)Processing 61400 bars: 49% (29880/61400)Processing 61400 bars: 57% (34880/61400)Processing 61400 bars: 65% (39880/61400)Processing 61400 bars: 73% (44880/61400)Processing 61400 bars: 81% (49880/61400)Processing 61400 bars: 89% (54880/61400)Processing 61400 bars: 98% (59880/61400)Processing complete. Finalizing trades... done.

=== GATE SKIP COUNTERS ===
  fired[TSMOM]   :     70
  passed[TSMOM]  :     70
  total_bars     :  61400
  ctx_none       :      0
  dol_none       :   2960
  zone_gate      :  33949
  kill_zone      :  16601
  module_miss    :   1183
  rr_skip        :      0
  wrong_side     :      0
  signals        :     70
  pattern_raw_bull:    598
  pattern_raw_bear:    535
  dq_skip        :   9597


=== EXPECTANCY: XAUUSD ===
TSMOM: n=70 W/L/T=30/38/0 WR=43% exp=-0.01R PF=1.05 total=+1.5R
    bootstrap CI: [5%=-0.193R, 95%=+0.229R] (n_resamples=2000)

MAE  min/median: -4.27 / -0.77 R
MFE  median/max: 0.76 / 4.79 R
Trades that reached 4R but did not end WIN: 0

=== PERMUTATION SHADOW (skill null, exp-PERM) ===
TSMOM_PERM: n=70 exp=-0.15R shadow 95th-pct bound (skill bar): +0.069R
